// Jest Snapshot v1, https://goo.gl/fbAQLP

exports[`renders a snapshot 1`] = `
<Fragment>
  <ul
    className="entry-content"
  >
    <li
      className="entry-content__activity"
    >
      <div
        className="entry-content__client"
      />
      <button
        className="entry-content__button"
        onClick={[Function]}
        type="button"
      >
        <img
          alt="Delete icon"
          className="entry-content__button-icon"
          src="/static/images/icon-delete.svg"
        />
        Delete
      </button>
      <div
        className="entry-content__time"
      >
        2019-03-20T08:00:00.000Z - 2019-03-20T16:00:00.000Z
      </div>
    </li>
  </ul>
</Fragment>
`;
